[I 2026-08-11 16:11:11.444 ServerApp] jupyter_lsp | extension was successfully linked.
[I 2026-08-11 16:11:11.449 ServerApp] jupyter_server_terminals | extension was successfully linked.
[I 2026-08-11 16:11:11.455 ServerApp] jupyterlab | extension was successfully linked.
[I 2026-08-11 16:11:11.460 ServerApp] notebook | extension was successfully linked.
[I 2026-08-11 16:11:12.081 ServerApp] notebook_shim | extension was successfully linked.
[I 2026-08-11 16:11:12.271 ServerApp] notebook_shim | extension was successfully loaded.
[I 2026-08-11 16:11:12.271 ServerApp] jupyter_lsp | extension was successfully loaded.
[I 2026-08-11 16:11:12.273 ServerApp] jupyter_server_terminals | extension was successfully loaded.
[I 2026-08-11 16:11:12.277 LabApp] JupyterLab extension loaded from C:\Users\lsing\AppData\Local\Packages\PythonSoftwareFoundation.Python.3.11_qbz5n2kfra8p0\LocalCache\local-packages\Python311\site-packages\jupyterlab
[I 2026-08-11 16:11:12.277 LabApp] JupyterLab application directory is C:\Users\lsing\AppData\Local\Packages\PythonSoftwareFoundation.Python.3.11_qbz5n2kfra8p0\LocalCache\local-packages\share\jupyter\lab
[I 2026-08-11 16:11:12.277 LabApp] Extension Manager is 'pypi'.
[I 2026-08-11 16:11:12.930 ServerApp] jupyterlab | extension was successfully loaded.
[I 2026-08-11 16:11:12.938 ServerApp] notebook | extension was successfully loaded.
[I 2026-08-11 16:11:12.940 ServerApp] Serving notebooks from local directory: C:\Users\lsing\AndroidStudioProjects\TimeGo\ml-prototype
[I 2026-08-11 16:11:12.940 ServerApp] Jupyter Server 2.20.0 is running at:
[I 2026-08-11 16:11:12.940 ServerApp] http://localhost:8888/lab?token=f191c184b34150ce06e93b0c9eb9e90b63e8f2fe33060371
[I 2026-08-11 16:11:12.940 ServerApp]     http://127.0.0.1:8888/lab?token=f191c184b34150ce06e93b0c9eb9e90b63e8f2fe33060371
[I 2026-08-11 16:11:12.940 ServerApp] Use Control-C to stop this server and shut down all kernels (twice to skip confirmation).
[C 2026-08-11 16:11:13.170 ServerApp] 
    
    To access the server, open this file in a browser:
        file:///C:/Users/lsing/AppData/Roaming/jupyter/runtime/jpserver-9196-open.html
    Or copy and paste one of these URLs:
        http://localhost:8888/lab?token=f191c184b34150ce06e93b0c9eb9e90b63e8f2fe33060371
        http://127.0.0.1:8888/lab?token=f191c184b34150ce06e93b0c9eb9e90b63e8f2fe33060371
[E 2026-08-11 16:11:14.619 ServerApp] Error unpacking user from cookie: 'avatar_url'
[E 2026-08-11 16:11:14.619 ServerApp] Error unpacking user from cookie: 'avatar_url'
[W 2026-08-11 16:11:15.140 ServerApp] 404 GET /lab/extensions/@jupyter-widgets/jupyterlab-manager/static/remoteEntry.9077b3d2deaffb329dfc.js (357a245b0f844d0e89f89380b6b505f5@::1) 236.33ms referer=http://localhost:8888/lab/tree/overload_plateau_prototype.ipynb
[I 2026-08-11 16:11:17.481 ServerApp] Skipped non-installed server(s): basedpyright, bash-language-server, dockerfile-language-server-nodejs, javascript-typescript-langserver, jedi-language-server, julia-language-server, pyrefly, pyright, python-language-server, python-lsp-server, r-languageserver, sql-language-server, texlab, typescript-language-server, unified-language-server, vscode-css-languageserver-bin, vscode-html-languageserver-bin, vscode-json-languageserver-bin, yaml-language-server
[I 2026-08-11 16:11:22.791 LabApp] Build is up to date
[W 2026-08-11 16:11:26.037 ServerApp] Notebook overload_plateau_prototype.ipynb is not trusted
[I 2026-08-11 16:11:28.070 ServerApp] Kernel started: dc7efd89-2809-419d-afb5-4ef9a6944133
[IPKernelApp] WARNING | Kernel is running over TCP without encryption. All communication (including code and outputs) is sent in plain text and is susceptible to eavesdropping. Use IPC transport or launch with kernel manager-provisioned CurveZMQ keys to enable transport encryption.
[I 2026-08-11 16:11:29.140 ServerApp] Adapting from protocol version 5.3 (kernel dc7efd89-2809-419d-afb5-4ef9a6944133) to 5.4 (client).
[I 2026-08-11 16:11:29.140 ServerApp] Adapting from protocol version 5.3 (kernel dc7efd89-2809-419d-afb5-4ef9a6944133) to 5.4 (client).
[I 2026-08-11 16:11:29.144 ServerApp] Connecting to kernel dc7efd89-2809-419d-afb5-4ef9a6944133.
[I 2026-08-11 16:11:29.182 ServerApp] Connecting to kernel dc7efd89-2809-419d-afb5-4ef9a6944133.
[W 2026-08-11 16:11:29.210 ServerApp] The websocket_ping_timeout (90000) cannot be longer than the websocket_ping_interval (30000).
    Setting websocket_ping_timeout=30000
[I 2026-08-11 16:11:29.218 ServerApp] Adapting from protocol version 5.3 (kernel dc7efd89-2809-419d-afb5-4ef9a6944133) to 5.4 (client).
[I 2026-08-11 16:11:29.220 ServerApp] Connecting to kernel dc7efd89-2809-419d-afb5-4ef9a6944133.
[W 2026-08-11 16:11:29.288 ServerApp] Got events for closed stream <zmq.eventloop.zmqstream.ZMQStream object at 0x0000027458297710>
[W 2026-08-11 16:11:29.336 ServerApp] Got events for closed stream <zmq.eventloop.zmqstream.ZMQStream object at 0x0000027458420A90>
